trex% cdm.paragon -sz 64 -pn open ~/s/tree16/apps/fft/cdm_k1.ctl
cfile "/home/sampson8/msw/s/tree16/apps/fft/cdm_k1.ctl" opened
Building EBW cdm spec q=6.58135e-06, h=0.5, sqrtA=0.577287
nu=1.13, a'=1.6085, b'=0.654699, c'=0.182548
doing 512x512x512 real transform
int nproc = 64;
Estimate 2x8192k memory use per node for fft
Reducing by factor of 2 in each dimension.
max 78.056107, min -80.624008, avg -0.000001, rms 14.560034
Fluctuations will grow by 64.00
Initial point fluctuations are 0.227501
Initial velocity factor (f) is 1.000002
T0 is 13.04 Gyr
Rejected 89 negative mass particles
Writing 16777127 particles
    SDFwrite      31.65      31.69      31.68
write speed 8472 kb/s
      Timers        Min        Max       Mean
       Total     142.51     142.67     142.53
   Total(WC)     142.51     142.67     142.53
       Four1      24.81      24.84      24.82
       FourP      30.68      30.82      30.74
        Comm       1.74       1.91       1.81
    Counters        Min        Max          Sum          Avg
trex% 